<html>
<body>
<pre>
<h1>µVision Build Log</h1>
<h2>Project:</h2>
C:\Users\Ahmed\Desktop\Embedded Systems - Shape The World Microcontroller InputOutput\Keil\Labware\Lab10_TrafficLight\Lab10.uvproj
Project File Date:  02/11/2014

<h2>Output:</h2>
Build target 'Lab10'
compiling TableTrafficLight.c...
linking...
Program Size: Code=4368 RO-data=14780 RW-data=76 ZI-data=1756  
".\Lab10.axf" - 0 Error(s), 0 Warning(s).
Load "C:\\Users\\Ahmed\\Desktop\\Embedded Systems - Shape The World Microcontroller InputOutput\\Keil\\Labware\\Lab10_TrafficLight\\Lab10.axf" 
Connecting: Mode=JTAG, Speed=1000000Hz
Erase Done.
Programming Done.
Verify OK.
</pre>
</body>
</html>
rget DLL has been cancelled
axf" - 1 Error(s), 1 Warning(s).
Target not created
